src/components/cliente/EstadoPedido.tsx(21,88): error TS6133: 'onVolverAlInicio' is declared but its value is never read.
src/components/cliente/SeleccionMesa.tsx(66,91): error TS2367: This comparison appears to be unintentional because the types '"disponible" | "ocupada" | "reservada"' and '"pagada"' have no overlap.
src/components/cliente/SeleccionMesa.tsx(116,30): error TS2367: This comparison appears to be unintentional because the types '"disponible" | "ocupada" | "reservada"' and '"pagada"' have no overlap.
src/components/cliente/SeleccionMesa.tsx(160,121): error TS2367: This comparison appears to be unintentional because the types '"reservada"' and '"pagada"' have no overlap.
src/components/cliente/SeleccionMesa.tsx(166,25): error TS2367: This comparison appears to be unintentional because the types '"reservada"' and '"pagada"' have no overlap.
src/data/mockUsers.ts(5,9): error TS2322: Type 'string' is not assignable to type 'number'.
src/data/mockUsers.ts(14,9): error TS2322: Type 'string' is not assignable to type 'number'.
src/data/mockUsers.ts(23,9): error TS2322: Type 'string' is not assignable to type 'number'.
src/data/mockUsers.ts(32,9): error TS2322: Type 'string' is not assignable to type 'number'.
src/data/mockUsers.ts(41,9): error TS2322: Type 'string' is not assignable to type 'number'.
src/pages/cocinero/CocineroPage.tsx(149,48): error TS2339: Property '_originalId' does not exist on type 'KitchenOrder'.
src/pages/cocinero/CocineroPage.tsx(150,75): error TS2339: Property '_originalId' does not exist on type 'KitchenOrder'.
src/pages/gerente/ControlStockPage.tsx(8,54): error TS6133: 'Loader2' is declared but its value is never read.
src/pages/gerente/ControlStockPage.tsx(16,12): error TS6133: 'loading' is declared but its value is never read.
src/pages/gerente/ControlStockPage.tsx(17,12): error TS6133: 'error' is declared but its value is never read.
src/pages/gerente/ControlStockPage.tsx(24,12): error TS6133: 'saving' is declared but its value is never read.
src/pages/gerente/GestionMenuPage.tsx(20,12): error TS6133: 'saving' is declared but its value is never read.
src/pages/gerente/GestionUsuariosPage.tsx(75,17): error TS2322: Type 'string' is not assignable to type 'number'.
src/pages/gerente/GestionUsuariosPage.tsx(86,13): error TS2367: This comparison appears to be unintentional because the types 'number' and 'string' have no overlap.
src/pages/gerente/GestionUsuariosPage.tsx(92,40): error TS2367: This comparison appears to be unintentional because the types 'number' and 'string' have no overlap.
src/pages/gerente/GestionUsuariosPage.tsx(203,95): error TS2345: Argument of type 'number' is not assignable to parameter of type 'string'.
src/pages/gerente/GestionUsuariosPage.tsx(212,89): error TS2345: Argument of type 'number' is not assignable to parameter of type 'string'.
src/pages/gerente/PromocionesPage.tsx(8,45): error TS6133: 'Loader2' is declared but its value is never read.
src/pages/gerente/PromocionesPage.tsx(29,12): error TS6133: 'loading' is declared but its value is never read.
src/pages/gerente/PromocionesPage.tsx(30,12): error TS6133: 'error' is declared but its value is never read.
src/pages/gerente/PromocionesPage.tsx(33,12): error TS6133: 'saving' is declared but its value is never read.
src/services/orderService.ts(33,11): error TS6196: 'CreateOrderRequest' is declared but never used.
